TypeError: new cannot be used with non-public java type com.anatawa12.fixrtm.nashorn.test.models.NonPublicClass.
