[com.anatawa12.fixrtm.nashorn.dynalink.beans.CallerSensitiveDynamicMethod Object java.security.AccessController.doPrivileged(PrivilegedAction)]
[com.anatawa12.fixrtm.nashorn.dynalink.beans.SimpleDynamicMethod String java.lang.String.valueOf(char)]
