class javax.script.ScriptException
class com.anatawa12.fixrtm.nashorn.internal.runtime.ECMAException
Error: foo
true
Error
foo
33
