//InternalRunnable.run() executed!
//InternalRunnable.toString() executed!
//
//true
//true
//true
//true
//true
//19
// currently, com.anatawa12.fixrtm.nashorn.internal is not restricted.
